Flow report for CR_1
Sat Apr 27 12:38:10 2024
Quartus Prime Version 16.1.0 Build 196 10/24/2016 SJ Lite Edition


---------------------
; Table of Contents ;
---------------------
  1. Legal Notice
  2. Flow Summary
  3. Flow Settings
  4. Flow Non-Default Global Settings
  5. Flow Elapsed Time
  6. Flow OS Summary
  7. Flow Log
  8. Flow Messages
  9. Flow Suppressed Messages



----------------
; Legal Notice ;
----------------
Copyright (C) 2016  Intel Corporation. All rights reserved.
Your use of Intel Corporation's design tools, logic functions 
and other software and tools, and its AMPP partner logic 
functions, and any output files from any of the foregoing 
(including device programming or simulation files), and any 
associated documentation or information are expressly subject 
to the terms and conditions of the Intel Program License 
Subscription Agreement, the Intel Quartus Prime License Agreement,
the Intel MegaCore Function License Agreement, or other 
applicable license agreement, including, without limitation, 
that your use is for the sole purpose of programming logic 
devices manufactured by Intel and sold by Intel or its 
authorized distributors.  Please refer to the applicable 
agreement for further details.



+----------------------------------------------------------------------------------+
; Flow Summary                                                                     ;
+------------------------------------+---------------------------------------------+
; Flow Status                        ; Successful - Sat Apr 27 12:38:10 2024       ;
; Quartus Prime Version              ; 16.1.0 Build 196 10/24/2016 SJ Lite Edition ;
; Revision Name                      ; CR_1                                        ;
; Top-level Entity Name              ; CR_1                                        ;
; Family                             ; Cyclone IV E                                ;
; Device                             ; EP4CE6E22C8                                 ;
; Timing Models                      ; Final                                       ;
; Total logic elements               ; 1,189 / 6,272 ( 19 % )                      ;
;     Total combinational functions  ; 745 / 6,272 ( 12 % )                        ;
;     Dedicated logic registers      ; 959 / 6,272 ( 15 % )                        ;
; Total registers                    ; 959                                         ;
; Total pins                         ; 20 / 92 ( 22 % )                            ;
; Total virtual pins                 ; 0                                           ;
; Total memory bits                  ; 2,624 / 276,480 ( < 1 % )                   ;
; Embedded Multiplier 9-bit elements ; 0 / 30 ( 0 % )                              ;
; Total PLLs                         ; 0 / 2 ( 0 % )                               ;
+------------------------------------+---------------------------------------------+


+-----------------------------------------+
; Flow Settings                           ;
+-------------------+---------------------+
; Option            ; Setting             ;
+-------------------+---------------------+
; Start date & time ; 04/27/2024 12:36:48 ;
; Main task         ; Compilation         ;
; Revision Name     ; CR_1                ;
+-------------------+---------------------+


+----------------------------------------------------------------------------------------------------------------------------------------------------------------+
; Flow Non-Default Global Settings                                                                                                                               ;
+--------------------------------------+------------------------------------------------------------------------+---------------+-------------+------------------+
; Assignment Name                      ; Value                                                                  ; Default Value ; Entity Name ; Section Id       ;
+--------------------------------------+------------------------------------------------------------------------+---------------+-------------+------------------+
; COMPILER_SIGNATURE_ID                ; 93383142305018.171421060805932                                         ; --            ; --          ; --               ;
; EDA_DESIGN_INSTANCE_NAME             ; NA                                                                     ; --            ; --          ; RaF              ;
; EDA_DESIGN_INSTANCE_NAME             ; NA                                                                     ; --            ; --          ; --               ;
; EDA_DESIGN_INSTANCE_NAME             ; NA                                                                     ; --            ; --          ; GEN              ;
; EDA_NATIVELINK_SIMULATION_TEST_BENCH ; CR_1                                                                   ; --            ; --          ; eda_simulation   ;
; EDA_OUTPUT_DATA_FORMAT               ; Verilog Hdl                                                            ; --            ; --          ; eda_simulation   ;
; EDA_SIMULATION_TOOL                  ; ModelSim-Altera (Verilog)                                              ; <None>        ; --          ; --               ;
; EDA_TEST_BENCH_ENABLE_STATUS         ; TEST_BENCH_MODE                                                        ; --            ; --          ; eda_simulation   ;
; EDA_TEST_BENCH_FILE                  ; tb_RaF.sv                                                              ; --            ; --          ; RaF              ;
; EDA_TEST_BENCH_FILE                  ; tb_CR_1.sv                                                             ; --            ; --          ; --               ;
; EDA_TEST_BENCH_FILE                  ; tb_GEN.sv                                                              ; --            ; --          ; GEN              ;
; EDA_TEST_BENCH_MODULE_NAME           ; tb_RaF                                                                 ; --            ; --          ; RaF              ;
; EDA_TEST_BENCH_MODULE_NAME           ; tb_CR_1                                                                ; --            ; --          ; --               ;
; EDA_TEST_BENCH_MODULE_NAME           ; tb_GEN                                                                 ; --            ; --          ; GEN              ;
; EDA_TEST_BENCH_NAME                  ; GEN                                                                    ; --            ; --          ; eda_simulation   ;
; EDA_TEST_BENCH_NAME                  ; RaF                                                                    ; --            ; --          ; eda_simulation   ;
; EDA_TEST_BENCH_NAME                  ; CR_1                                                                   ; --            ; --          ; eda_simulation   ;
; EDA_TIME_SCALE                       ; 1 ps                                                                   ; --            ; --          ; eda_simulation   ;
; ENABLE_SIGNALTAP                     ; On                                                                     ; --            ; --          ; --               ;
; MAX_CORE_JUNCTION_TEMP               ; 85                                                                     ; --            ; --          ; --               ;
; MIN_CORE_JUNCTION_TEMP               ; 0                                                                      ; --            ; --          ; --               ;
; MISC_FILE                            ; SP_unit/synthesis/../SP_unit.cmp                                       ; --            ; --          ; --               ;
; MISC_FILE                            ; SP_unit/synthesis/../../SP_unit.qsys                                   ; --            ; --          ; --               ;
; MISC_FILE                            ; FIFO_inst.vhd                                                          ; --            ; --          ; --               ;
; MISC_FILE                            ; FIFO.cmp                                                               ; --            ; --          ; --               ;
; NOMINAL_CORE_SUPPLY_VOLTAGE          ; 1.2V                                                                   ; --            ; --          ; --               ;
; NUM_PARALLEL_PROCESSORS              ; All                                                                    ; --            ; --          ; --               ;
; PARTITION_COLOR                      ; -- (Not supported for targeted family)                                 ; --            ; --          ; Top              ;
; PARTITION_FITTER_PRESERVATION_LEVEL  ; -- (Not supported for targeted family)                                 ; --            ; --          ; Top              ;
; PARTITION_NETLIST_TYPE               ; -- (Not supported for targeted family)                                 ; --            ; --          ; Top              ;
; POWER_BOARD_THERMAL_MODEL            ; None (CONSERVATIVE)                                                    ; --            ; --          ; --               ;
; POWER_PRESET_COOLING_SOLUTION        ; 23 MM HEAT SINK WITH 200 LFPM AIRFLOW                                  ; --            ; --          ; --               ;
; PROJECT_OUTPUT_DIRECTORY             ; output_files                                                           ; --            ; --          ; --               ;
; SEARCH_PATH                          ; c:\users\lalet\documents\polytech\quartuslabs\sem2\cr_1\lab_3s         ; --            ; --          ; --               ;
; SEARCH_PATH                          ; c:\users\lalet\documents\polytech\quartuslabs\sem2\cr_1\lab_2s         ; --            ; --          ; --               ;
; SEARCH_PATH                          ; c:\users\lalet\documents\polytech\quartuslabs\sem2\cr_1\lab_1s         ; --            ; --          ; --               ;
; SLD_FILE                             ; SP_unit/synthesis/SP_unit.debuginfo                                    ; --            ; --          ; --               ;
; SLD_FILE                             ; db/stp_1_auto_stripped.stp                                             ; --            ; --          ; --               ;
; SLD_INFO                             ; QSYS_NAME SP_unit HAS_SOPCINFO 1 GENERATION_ID 1683725317              ; --            ; SP_unit     ; --               ;
; SLD_NODE_CREATOR_ID                  ; 110                                                                    ; --            ; --          ; auto_signaltap_0 ;
; SLD_NODE_ENTITY_NAME                 ; sld_signaltap                                                          ; --            ; --          ; auto_signaltap_0 ;
; SLD_NODE_PARAMETER_ASSIGNMENT        ; SLD_RAM_BLOCK_TYPE=AUTO                                                ; --            ; --          ; auto_signaltap_0 ;
; SLD_NODE_PARAMETER_ASSIGNMENT        ; SLD_DATA_BITS=39                                                       ; --            ; --          ; auto_signaltap_0 ;
; SLD_NODE_PARAMETER_ASSIGNMENT        ; SLD_TRIGGER_BITS=39                                                    ; --            ; --          ; auto_signaltap_0 ;
; SLD_NODE_PARAMETER_ASSIGNMENT        ; SLD_STORAGE_QUALIFIER_BITS=39                                          ; --            ; --          ; auto_signaltap_0 ;
; SLD_NODE_PARAMETER_ASSIGNMENT        ; SLD_NODE_INFO=805334528                                                ; --            ; --          ; auto_signaltap_0 ;
; SLD_NODE_PARAMETER_ASSIGNMENT        ; SLD_POWER_UP_TRIGGER=0                                                 ; --            ; --          ; auto_signaltap_0 ;
; SLD_NODE_PARAMETER_ASSIGNMENT        ; SLD_STORAGE_QUALIFIER_INVERSION_MASK_LENGTH=0                          ; --            ; --          ; auto_signaltap_0 ;
; SLD_NODE_PARAMETER_ASSIGNMENT        ; SLD_ATTRIBUTE_MEM_MODE=OFF                                             ; --            ; --          ; auto_signaltap_0 ;
; SLD_NODE_PARAMETER_ASSIGNMENT        ; SLD_STATE_FLOW_USE_GENERATED=0                                         ; --            ; --          ; auto_signaltap_0 ;
; SLD_NODE_PARAMETER_ASSIGNMENT        ; SLD_STATE_BITS=11                                                      ; --            ; --          ; auto_signaltap_0 ;
; SLD_NODE_PARAMETER_ASSIGNMENT        ; SLD_BUFFER_FULL_STOP=1                                                 ; --            ; --          ; auto_signaltap_0 ;
; SLD_NODE_PARAMETER_ASSIGNMENT        ; SLD_CURRENT_RESOURCE_WIDTH=1                                           ; --            ; --          ; auto_signaltap_0 ;
; SLD_NODE_PARAMETER_ASSIGNMENT        ; SLD_INCREMENTAL_ROUTING=1                                              ; --            ; --          ; auto_signaltap_0 ;
; SLD_NODE_PARAMETER_ASSIGNMENT        ; SLD_TRIGGER_IN_ENABLED=0                                               ; --            ; --          ; auto_signaltap_0 ;
; SLD_NODE_PARAMETER_ASSIGNMENT        ; SLD_TRIGGER_PIPELINE=0                                                 ; --            ; --          ; auto_signaltap_0 ;
; SLD_NODE_PARAMETER_ASSIGNMENT        ; SLD_RAM_PIPELINE=0                                                     ; --            ; --          ; auto_signaltap_0 ;
; SLD_NODE_PARAMETER_ASSIGNMENT        ; SLD_COUNTER_PIPELINE=0                                                 ; --            ; --          ; auto_signaltap_0 ;
; SLD_NODE_PARAMETER_ASSIGNMENT        ; SLD_TRIGGER_LEVEL_PIPELINE=1                                           ; --            ; --          ; auto_signaltap_0 ;
; SLD_NODE_PARAMETER_ASSIGNMENT        ; SLD_SAMPLE_DEPTH=64                                                    ; --            ; --          ; auto_signaltap_0 ;
; SLD_NODE_PARAMETER_ASSIGNMENT        ; SLD_ENABLE_ADVANCED_TRIGGER=1                                          ; --            ; --          ; auto_signaltap_0 ;
; SLD_NODE_PARAMETER_ASSIGNMENT        ; SLD_TRIGGER_LEVEL=1                                                    ; --            ; --          ; auto_signaltap_0 ;
; SLD_NODE_PARAMETER_ASSIGNMENT        ; SLD_INVERSION_MASK=000000000000000000                                  ; --            ; --          ; auto_signaltap_0 ;
; SLD_NODE_PARAMETER_ASSIGNMENT        ; SLD_INVERSION_MASK_LENGTH=18                                           ; --            ; --          ; auto_signaltap_0 ;
; SLD_NODE_PARAMETER_ASSIGNMENT        ; SLD_SEGMENT_SIZE=16                                                    ; --            ; --          ; auto_signaltap_0 ;
; SLD_NODE_PARAMETER_ASSIGNMENT        ; SLD_ADVANCED_TRIGGER_ENTITY=sld_reserved_CR_1_auto_signaltap_0_1_7396, ; --            ; --          ; auto_signaltap_0 ;
; SOPCINFO_FILE                        ; SP_unit/synthesis/../../SP_unit.sopcinfo                               ; --            ; --          ; --               ;
; SYNTHESIS_ONLY_QIP                   ; On                                                                     ; --            ; --          ; --               ;
; USE_SIGNALTAP_FILE                   ; stp_1.stp                                                              ; --            ; --          ; --               ;
+--------------------------------------+------------------------------------------------------------------------+---------------+-------------+------------------+


+-------------------------------------------------------------------------------------------------------------------------------+
; Flow Elapsed Time                                                                                                             ;
+---------------------------+--------------+-------------------------+---------------------+------------------------------------+
; Module Name               ; Elapsed Time ; Average Processors Used ; Peak Virtual Memory ; Total CPU Time (on all processors) ;
+---------------------------+--------------+-------------------------+---------------------+------------------------------------+
; Analysis & Synthesis      ; 00:00:47     ; 1.0                     ; 741 MB              ; 00:01:37                           ;
; Fitter                    ; 00:00:13     ; 1.0                     ; 1127 MB             ; 00:00:15                           ;
; Assembler                 ; 00:00:03     ; 1.0                     ; 564 MB              ; 00:00:03                           ;
; TimeQuest Timing Analyzer ; 00:00:04     ; 1.1                     ; 631 MB              ; 00:00:04                           ;
; EDA Netlist Writer        ; 00:00:06     ; 1.0                     ; 545 MB              ; 00:00:07                           ;
; Total                     ; 00:01:13     ; --                      ; --                  ; 00:02:06                           ;
+---------------------------+--------------+-------------------------+---------------------+------------------------------------+


+-----------------------------------------------------------------------------------------+
; Flow OS Summary                                                                         ;
+---------------------------+------------------+------------+------------+----------------+
; Module Name               ; Machine Hostname ; OS Name    ; OS Version ; Processor type ;
+---------------------------+------------------+------------+------------+----------------+
; Analysis & Synthesis      ; KOMPUTER         ; Windows 10 ; 10.0       ; x86_64         ;
; Fitter                    ; KOMPUTER         ; Windows 10 ; 10.0       ; x86_64         ;
; Assembler                 ; KOMPUTER         ; Windows 10 ; 10.0       ; x86_64         ;
; TimeQuest Timing Analyzer ; KOMPUTER         ; Windows 10 ; 10.0       ; x86_64         ;
; EDA Netlist Writer        ; KOMPUTER         ; Windows 10 ; 10.0       ; x86_64         ;
+---------------------------+------------------+------------+------------+----------------+


------------
; Flow Log ;
------------
quartus_map --read_settings_files=on --write_settings_files=off CR_1 -c CR_1
quartus_fit --read_settings_files=off --write_settings_files=off CR_1 -c CR_1
quartus_asm --read_settings_files=off --write_settings_files=off CR_1 -c CR_1
quartus_sta CR_1 -c CR_1
quartus_eda --read_settings_files=off --write_settings_files=off CR_1 -c CR_1



